// Jest Snapshot v1, https://goo.gl/fbAQLP

exports[`Footer should match snapshot 1`] = `
<DocumentFragment>
  <footer
    class="footer"
  >
    Â© Copyright 2022, Gabriel Santiago
  </footer>
</DocumentFragment>
`;
